warning: `VIRTUAL_ENV=/home/hai/huy/.venv` does not match the project environment path `.venv` and will be ignored; use `--active` to target the active environment instead
Warp 1.18.0 initialized:
   CUDA Toolkit 12.9, Driver 13.0
   Devices:
     "cpu"      : "CPU"
     "cuda:0"   : "NVIDIA GeForce GTX 1080 Ti" (11 GiB, sm_61, mempool enabled)
   Kernel cache:
     /home/hai/.cache/warp/1.18.0
[INFO] Training with: device=cuda:0, seed=42, rank=0
[INFO] Logging experiment in directory: /home/hai/huy/minipi_getup/logs/rsl_rl/minipi_getup/2026-10-06_18-25-39_slow_nospin
Setting seed: 42
Module mujoco_warp._src.smooth 41a771a load on device 'cuda:0' took 2.86 ms  (cached)
Module _nxn_broadphase__locals__kernel_0f0b25a2 0f0b25a load on device 'cuda:0' took 0.36 ms  (cached)
Module _primitive_narrowphase__locals__primitive_narrowphase_b7136fdd b7136fd load on device 'cuda:0' took 0.60 ms  (cached)
Module mujoco_warp._src.constraint 2702c31 load on device 'cuda:0' took 0.28 ms  (cached)
Module _friction_dof__locals__kernel_4f5bcc45 4f5bcc4 load on device 'cuda:0' took 0.35 ms  (cached)
Module _limit_slide_hinge__locals__kernel_c59b7d2c c59b7d2 load on device 'cuda:0' took 0.37 ms  (cached)
Module _efc_contact_init__locals__kernel_32f08222 32f0822 load on device 'cuda:0' took 0.30 ms  (cached)
Module _efc_contact_jac_dense__locals__kernel_bb2323bc 9ba8751 load on device 'cuda:0' took 0.37 ms  (cached)
Module _efc_contact_update__locals__kernel_17fcaf6a 17fcaf6 load on device 'cuda:0' took 0.33 ms  (cached)
Module mujoco_warp._src.sensor d50d93f load on device 'cuda:0' took 2.13 ms  (cached)
Module mujoco_warp._src.forward f3f4868 load on device 'cuda:0' took 1.06 ms  (cached)
Module mujoco_warp._src.passive 0687499 load on device 'cuda:0' took 1.28 ms  (cached)
Module mujoco_warp._src.forward 5a01033 load on device 'cuda:0' took 1.04 ms  (cached)
Module _qfrc_smooth__locals__kernel_5e97a0df 5e97a0d load on device 'cuda:0' took 0.29 ms  (cached)
Module mujoco_warp._src.support a2afedd load on device 'cuda:0' took 0.35 ms  (cached)
Module _tile_cholesky_factorize_solve_block__locals__kernel_91b1f5cf 400298d load on device 'cuda:0' took 0.52 ms  (cached)
Module _solve_init_dof__locals__kernel_806f9646 806f964 load on device 'cuda:0' took 0.28 ms  (cached)
Module mujoco_warp._src.solver 83f74e4 load on device 'cuda:0' took 1.62 ms  (cached)
Module _solve_init_jaref_kernel__locals__kernel_44063da4 44063da load on device 'cuda:0' took 0.29 ms  (cached)
Module mul_m_kernel__locals___mul_m_05b942e5 05b942e load on device 'cuda:0' took 0.31 ms  (cached)
Module _update_constraint_efc__locals__kernel_09f99a9e 09f99a9 load on device 'cuda:0' took 0.32 ms  (cached)
Module _update_constraint_init_qfrc_constraint_dense__locals__kernel_95dd2843 95dd284 load on device 'cuda:0' took 0.29 ms  (cached)
Module _update_gradient_zero_grad_dot__locals__kernel_e22f0733 e22f073 load on device 'cuda:0' took 0.25 ms  (cached)
Module _update_gradient_grad__locals__kernel_7d04c7a8 7d04c7a load on device 'cuda:0' took 0.26 ms  (cached)
Module _update_gradient_JTDAJ_dense_tiled__locals__kernel_01061783 a8207a7 load on device 'cuda:0' took 0.62 ms  (cached)
Module _update_gradient_cholesky__locals__kernel_e1af992c 05a086a load on device 'cuda:0' took 0.46 ms  (cached)
Module _linesearch_iterative_kernel__locals__kernel_c560f7b6 196cbff load on device 'cuda:0' took 0.78 ms  (cached)
Module _contact_sort__locals__contact_sort_9d658548 d6902c1 load on device 'cuda:0' took 0.44 ms  (cached)
Module mujoco_warp._src.derivative 01854e3 load on device 'cuda:0' took 1.00 ms  (cached)
Module _next_time_builder__locals___next_time_00e6d98c 00e6d98 load on device 'cuda:0' took 0.34 ms  (cached)
Module reset_data__locals__reset_xfrc_applied_e9eb38b7 e9eb38b load on device 'cuda:0' took 0.35 ms  (cached)
Module reset_data__locals__reset_M_f4a0345c f4a0345 load on device 'cuda:0' took 0.27 ms  (cached)
Module reset_data__locals__reset_mocap_825cec56 825cec5 load on device 'cuda:0' took 0.27 ms  (cached)
Module reset_data__locals__reset_contact_b19b8664 b19b866 load on device 'cuda:0' took 0.28 ms  (cached)
Module reset_data__locals__reset_sleep_7cea95c2 7cea95c load on device 'cuda:0' took 0.27 ms  (cached)
Module reset_data__locals__reset_nworld_62bc52cf 62bc52c load on device 'cuda:0' took 0.33 ms  (cached)

+---------------------------------+
|         Base Environment        |
+------------------------+--------+
| Property               | Value  |
+------------------------+--------+
| Number of environments | 4096   |
| Environment device     | cuda:0 |
| Environment seed       | 42     |
| Physics step-size      | 0.002  |
| Environment step-size  | 0.02   |
+------------------------+--------+

[INFO] <EventManager> contains 2 active terms.
+---------------------------------------+
| Active Event Terms in Mode: 'startup' |
+---------+-----------------------------+
|  Index  | Name                        |
+---------+-----------------------------+
|    0    | encoder_bias                |
|    1    | base_com                    |
|    2    | geom_friction_slide         |
+---------+-----------------------------+
+-------------------------------------+
| Active Event Terms in Mode: 'reset' |
+-----------+-------------------------+
|   Index   | Name                    |
+-----------+-------------------------+
|     0     | reset_supine            |
+-----------+-------------------------+
+-----------------------------+
| Domain Randomization Fields |
+-------+---------------------+
| Index | Field Name          |
+-------+---------------------+
|   0   | body_ipos           |
|   1   | body_subtreemass    |
|   2   | dof_invweight0      |
|   3   | body_invweight0     |
|   4   | tendon_length0      |
|   5   | tendon_invweight0   |
|   6   | actuator_acc0       |
|   7   | geom_friction       |
+-------+---------------------+

Module repeat_array_kernel_1c65bbab a3676ff load on device 'cuda:0' took 0.43 ms  (cached)
Module repeat_array_kernel_1c65bbab 47153e4 load on device 'cuda:0' took 0.35 ms  (cached)
Module repeat_array_kernel_1c65bbab 94c8f59 load on device 'cuda:0' took 0.35 ms  (cached)
[INFO] <NullCommandManager> (inactive)
[INFO] <ActionManager> contains 1 active terms.
+---------------------------------+
| Active Action Terms (shape: 12) |
+-------+-----------+-------------+
| Index | Name      |   Dimension |
+-------+-----------+-------------+
|   0   | joint_pos |          12 |
+-------+-----------+-------------+

[INFO] <ObservationManager> contains 2 groups.
+-----------------------------------------------------------+
| Active Observation Terms in Group: 'actor' (shape: (42,)) |
+-----------+----------------------------------+------------+
|   Index   | Name                             |   Shape    |
+-----------+----------------------------------+------------+
|     0     | base_ang_vel                     |    (3,)    |
|     1     | projected_gravity                |    (3,)    |
|     2     | joint_pos                        |   (12,)    |
|     3     | joint_vel                        |   (12,)    |
|     4     | actions                          |   (12,)    |
+-----------+----------------------------------+------------+
+------------------------------------------------------------+
| Active Observation Terms in Group: 'critic' (shape: (45,)) |
+-----------+----------------------------------+-------------+
|   Index   | Name                             |    Shape    |
+-----------+----------------------------------+-------------+
|     0     | base_ang_vel                     |     (3,)    |
|     1     | projected_gravity                |     (3,)    |
|     2     | joint_pos                        |    (12,)    |
|     3     | joint_vel                        |    (12,)    |
|     4     | actions                          |    (12,)    |
|     5     | base_lin_vel                     |     (3,)    |
+-----------+----------------------------------+-------------+

[INFO] <TerminationManager> contains 2 active terms.
+-----------------------------+
|   Active Termination Terms  |
+-------+----------+----------+
| Index | Name     | Time Out |
+-------+----------+----------+
|   0   | time_out |   True   |
|   1   | energy   |  False   |
+-------+----------+----------+

[INFO] <RewardManager> contains 10 active terms.
+-------------------------------------+
|         Active Reward Terms         |
+-------+--------------------+--------+
| Index | Name               | Weight |
+-------+--------------------+--------+
|   0   | orientation        |    1.0 |
|   1   | torso_height       |    1.0 |
|   2   | posture            |    1.0 |
|   3   | action_rate_l2     |  -0.01 |
|   4   | joint_vel_l2       |    0.0 |
|   5   | dof_pos_limits     |   -1.0 |
|   6   | self_collisions    |  -0.01 |
|   7   | base_yaw_rate      |  -0.01 |
|   8   | upright_base_drift |   -1.0 |
|   9   | hip_roll_open      |    0.3 |
+-------+--------------------+--------+

[INFO] <CurriculumManager> contains 3 active terms.
+----------------------------+
|  Active Curriculum Terms   |
+-------+--------------------+
| Index | Name               |
+-------+--------------------+
|   0   | action_rate_weight |
|   1   | joint_vel_weight   |
|   2   | yaw_rate_weight    |
+-------+--------------------+

[INFO] <MetricsManager> contains 1 active terms.
+-----------------------+
|  Active Metrics Terms |
+-------+---------------+
| Index | Name          |
+-------+---------------+
|   0   | getup_success |
+-------+---------------+

[INFO] <NullRecorderManager> (inactive)
Module mujoco_warp._src.io 6032821 load on device 'cuda:0' took 1.15 ms  (cached)
Module _tile_cholesky_factorize_block__locals__kernel_34eec321 30a9522 load on device 'cuda:0' took 0.54 ms  (cached)
Module _tile_cholesky_solve_block__locals__kernel_b71fda00 40b8d31 load on device 'cuda:0' took 0.48 ms  (cached)
--------------------------------------------------------------------------------
Resolved observation sets: 
	 actor :  ('actor',)
	 critic :  ('critic',)
--------------------------------------------------------------------------------
Actor Model: MLPModel(
  (obs_normalizer): Identity()
  (distribution): GaussianDistribution()
  (mlp): MLP(
    (0): Linear(in_features=42, out_features=512, bias=True)
    (1): ELU(alpha=1.0)
    (2): Linear(in_features=512, out_features=256, bias=True)
    (3): ELU(alpha=1.0)
    (4): Linear(in_features=256, out_features=128, bias=True)
    (5): ELU(alpha=1.0)
    (6): Linear(in_features=128, out_features=12, bias=True)
  )
)
Critic Model: MLPModel(
  (obs_normalizer): EmpiricalNormalization()
  (mlp): MLP(
    (0): Linear(in_features=45, out_features=512, bias=True)
    (1): ELU(alpha=1.0)
    (2): Linear(in_features=512, out_features=256, bias=True)
    (3): ELU(alpha=1.0)
    (4): Linear(in_features=256, out_features=128, bias=True)
    (5): ELU(alpha=1.0)
    (6): Linear(in_features=128, out_features=1, bias=True)
  )
)
Storing git diff for 'minipi_getup' in: /home/hai/huy/minipi_getup/logs/rsl_rl/minipi_getup/2026-10-06_18-25-39_slow_nospin/git/minipi_getup.diff
################################################################################
[1m                           Learning iteration 0/3000                            [0m 

                               Run name: slow_nospin
                            Total steps: 98304 
                       Steps per second: 25279 
                        Collection time: 3.578s 
                          Learning time: 0.311s 
                        Mean value loss: 0.0120
                    Mean surrogate loss: 0.1529
                      Mean entropy loss: 17.0162
                            Mean reward: -0.37
                    Mean episode length: 19.75
                        Mean action std: 1.00
          Episode_Reward/action_rate_l2: -0.0063
            Episode_Reward/joint_vel_l2: 0.0000
          Episode_Reward/dof_pos_limits: -0.0161
           Episode_Reward/hip_roll_open: 0.0022
             Episode_Termination/energy: 0.0000
   Curriculum/action_rate_weight/weight: -0.0100
         Episode_Reward/self_collisions: -0.0001
          Episode_Metrics/getup_success: 0.0000
     Curriculum/joint_vel_weight/weight: 0.0000
           Episode_Reward/base_yaw_rate: -0.0098
      Episode_Reward/upright_base_drift: -0.0000
           Episode_Termination/time_out: 8.6250
             Episode_Reward/orientation: 0.0012
                 Episode_Reward/posture: 0.0000
      Curriculum/yaw_rate_weight/weight: -0.0100
            Episode_Reward/torso_height: 0.0064
--------------------------------------------------------------------------------
                         Iteration time: 3.89s
                           Time elapsed: 0:00:03
                                    ETA: 3:14:22

################################################################################
[1m                           Learning iteration 1/3000                            [0m 

                               Run name: slow_nospin
                            Total steps: 196608 
                       Steps per second: 28070 
                        Collection time: 3.234s 
                          Learning time: 0.268s 
                        Mean value loss: 0.0148
                    Mean surrogate loss: -0.0005
                      Mean entropy loss: 17.0134
                            Mean reward: -0.82
                    Mean episode length: 42.58
                        Mean action std: 1.00
          Episode_Reward/action_rate_l2: -0.0193
            Episode_Reward/joint_vel_l2: 0.0000
          Episode_Reward/dof_pos_limits: -0.0508
           Episode_Reward/hip_roll_open: 0.0077
             Episode_Termination/energy: 0.0000
   Curriculum/action_rate_weight/weight: -0.0100
         Episode_Reward/self_collisions: -0.0006
          Episode_Metrics/getup_success: 0.0000
     Curriculum/joint_vel_weight/weight: 0.0000
           Episode_Reward/base_yaw_rate: -0.0311
      Episode_Reward/upright_base_drift: -0.0001
           Episode_Termination/time_out: 8.5000
             Episode_Reward/orientation: 0.0025
                 Episode_Reward/posture: 0.0000
      Curriculum/yaw_rate_weight/weight: -0.0100
            Episode_Reward/torso_height: 0.0216
--------------------------------------------------------------------------------
                         Iteration time: 3.50s
                           Time elapsed: 0:00:07
                                    ETA: 3:04:38

################################################################################
[1m                           Learning iteration 2/3000                            [0m 

                               Run name: slow_nospin
                            Total steps: 294912 
                       Steps per second: 27928 
                        Collection time: 3.254s 
                          Learning time: 0.266s 
                        Mean value loss: 0.0109
                    Mean surrogate loss: -0.0070
                      Mean entropy loss: 16.9975
                            Mean reward: -1.23
                    Mean episode length: 66.42
                        Mean action std: 1.00
          Episode_Reward/action_rate_l2: -0.0321
            Episode_Reward/joint_vel_l2: 0.0000
          Episode_Reward/dof_pos_limits: -0.0835
           Episode_Reward/hip_roll_open: 0.0141
             Episode_Termination/energy: 0.0000
   Curriculum/action_rate_weight/weight: -0.0100
         Episode_Reward/self_collisions: -0.0015
          Episode_Metrics/getup_success: 0.0000
     Curriculum/joint_vel_weight/weight: 0.0000
           Episode_Reward/base_yaw_rate: -0.0521
      Episode_Reward/upright_base_drift: -0.0000
           Episode_Termination/time_out: 8.0833
             Episode_Reward/orientation: 0.0054
                 Episode_Reward/posture: 0.0000
      Curriculum/yaw_rate_weight/weight: -0.0100
            Episode_Reward/torso_height: 0.0368
--------------------------------------------------------------------------------
                         Iteration time: 3.52s
                           Time elapsed: 0:00:10
                                    ETA: 3:01:39

################################################################################
[1m                           Learning iteration 3/3000                            [0m 

                               Run name: slow_nospin
                            Total steps: 393216 
                       Steps per second: 27849 
                        Collection time: 3.263s 
                          Learning time: 0.267s 
                        Mean value loss: 0.0099
                    Mean surrogate loss: -0.0104
                      Mean entropy loss: 16.9642
                            Mean reward: -1.63
                    Mean episode length: 90.16
                        Mean action std: 0.99
          Episode_Reward/action_rate_l2: -0.0447
            Episode_Reward/joint_vel_l2: 0.0000
          Episode_Reward/dof_pos_limits: -0.1168
           Episode_Reward/hip_roll_open: 0.0199
             Episode_Termination/energy: 0.0000
   Curriculum/action_rate_weight/weight: -0.0100
         Episode_Reward/self_collisions: -0.0023
          Episode_Metrics/getup_success: 0.0000
     Curriculum/joint_vel_weight/weight: 0.0000
           Episode_Reward/base_yaw_rate: -0.0733
      Episode_Reward/upright_base_drift: -0.0004
           Episode_Termination/time_out: 7.7500
             Episode_Reward/orientation: 0.0098
                 Episode_Reward/posture: 0.0000
      Curriculum/yaw_rate_weight/weight: -0.0100
            Episode_Reward/torso_height: 0.0527
--------------------------------------------------------------------------------
                         Iteration time: 3.53s
                           Time elapsed: 0:00:14
                                    ETA: 3:00:15

################################################################################
[1m                           Learning iteration 4/3000                            [0m 

                               Run name: slow_nospin
                            Total steps: 491520 
                       Steps per second: 27820 
                        Collection time: 3.265s 
                          Learning time: 0.269s 
                        Mean value loss: 0.0083
                    Mean surrogate loss: -0.0116
                      Mean entropy loss: 16.9130
                            Mean reward: -2.07
                    Mean episode length: 114.64
                        Mean action std: 0.99
          Episode_Reward/action_rate_l2: -0.0577
            Episode_Reward/joint_vel_l2: 0.0000
          Episode_Reward/dof_pos_limits: -0.1485
           Episode_Reward/hip_roll_open: 0.0268
             Episode_Termination/energy: 0.0000
   Curriculum/action_rate_weight/weight: -0.0100
         Episode_Reward/self_collisions: -0.0034
          Episode_Metrics/getup_success: 0.0000
     Curriculum/joint_vel_weight/weight: 0.0000
           Episode_Reward/base_yaw_rate: -0.0954
      Episode_Reward/upright_base_drift: -0.0004
           Episode_Termination/time_out: 8.3333
             Episode_Reward/orientation: 0.0152
                 Episode_Reward/posture: 0.0000
      Curriculum/yaw_rate_weight/weight: -0.0100
            Episode_Reward/torso_height: 0.0682
--------------------------------------------------------------------------------
                         Iteration time: 3.53s
                           Time elapsed: 0:00:17
                                    ETA: 2:59:26

################################################################################
[1m                           Learning iteration 5/3000                            [0m 

                               Run name: slow_nospin
                            Total steps: 589824 
                       Steps per second: 27786 
                        Collection time: 3.271s 
                          Learning time: 0.266s 
                        Mean value loss: 0.0066
                    Mean surrogate loss: -0.0128
                      Mean entropy loss: 16.8433
                            Mean reward: -2.39
                    Mean episode length: 138.47
                        Mean action std: 0.98
          Episode_Reward/action_rate_l2: -0.0703
            Episode_Reward/joint_vel_l2: 0.0000
          Episode_Reward/dof_pos_limits: -0.1806
           Episode_Reward/hip_roll_open: 0.0327
             Episode_Termination/energy: 0.0000
   Curriculum/action_rate_weight/weight: -0.0100
         Episode_Reward/self_collisions: -0.0041
          Episode_Metrics/getup_success: 0.0083
     Curriculum/joint_vel_weight/weight: 0.0000
           Episode_Reward/base_yaw_rate: -0.1155
      Episode_Reward/upright_base_drift: -0.0006
           Episode_Termination/time_out: 7.8750
             Episode_Reward/orientation: 0.0209
                 Episode_Reward/posture: 0.0000
      Curriculum/yaw_rate_weight/weight: -0.0100
            Episode_Reward/torso_height: 0.0834
--------------------------------------------------------------------------------
                         Iteration time: 3.54s
                           Time elapsed: 0:00:21
                                    ETA: 2:58:54

################################################################################
[1m                           Learning iteration 6/3000                            [0m 

                               Run name: slow_nospin
                            Total steps: 688128 
                       Steps per second: 27769 
                        Collection time: 3.274s 
                          Learning time: 0.266s 
                        Mean value loss: 0.0055
                    Mean surrogate loss: -0.0124
                      Mean entropy loss: 16.7801
                            Mean reward: -2.70
                    Mean episode length: 161.35
                        Mean action std: 0.98
          Episode_Reward/action_rate_l2: -0.0827
            Episode_Reward/joint_vel_l2: 0.0000
          Episode_Reward/dof_pos_limits: -0.2116
           Episode_Reward/hip_roll_open: 0.0401
             Episode_Termination/energy: 0.0000
   Curriculum/action_rate_weight/weight: -0.0100
         Episode_Reward/self_collisions: -0.0051
          Episode_Metrics/getup_success: 0.0000
     Curriculum/joint_vel_weight/weight: 0.0000
           Episode_Reward/base_yaw_rate: -0.1353
      Episode_Reward/upright_base_drift: -0.0013
           Episode_Termination/time_out: 7.2500
             Episode_Reward/orientation: 0.0309
                 Episode_Reward/posture: 0.0000
      Curriculum/yaw_rate_weight/weight: -0.0100
            Episode_Reward/torso_height: 0.0974
--------------------------------------------------------------------------------
                         Iteration time: 3.54s
                           Time elapsed: 0:00:25
                                    ETA: 2:58:31

################################################################################
[1m                           Learning iteration 7/3000                            [0m 

                               Run name: slow_nospin
                            Total steps: 786432 
                       Steps per second: 27527 
                        Collection time: 3.305s 
                          Learning time: 0.266s 
                        Mean value loss: 0.0051
                    Mean surrogate loss: -0.0103
                      Mean entropy loss: 16.7364
                            Mean reward: -2.99
                    Mean episode length: 186.79
                        Mean action std: 0.97
          Episode_Reward/action_rate_l2: -0.0948
            Episode_Reward/joint_vel_l2: 0.0000
          Episode_Reward/dof_pos_limits: -0.2411
           Episode_Reward/hip_roll_open: 0.0473
             Episode_Termination/energy: 0.0000
   Curriculum/action_rate_weight/weight: -0.0100
         Episode_Reward/self_collisions: -0.0061
          Episode_Metrics/getup_success: 0.0043
     Curriculum/joint_vel_weight/weight: 0.0000
           Episode_Reward/base_yaw_rate: -0.1510
      Episode_Reward/upright_base_drift: -0.0019
           Episode_Termination/time_out: 7.7826
             Episode_Reward/orientation: 0.0421
                 Episode_Reward/posture: 0.0000
      Curriculum/yaw_rate_weight/weight: -0.0100
            Episode_Reward/torso_height: 0.1126
--------------------------------------------------------------------------------
                         Iteration time: 3.57s
                           Time elapsed: 0:00:28
                                    ETA: 2:58:24

################################################################################
[1m                           Learning iteration 8/3000                            [0m 

                               Run name: slow_nospin
                            Total steps: 884736 
                       Steps per second: 27031 
                        Collection time: 3.368s 
                          Learning time: 0.269s 
                        Mean value loss: 0.0047
                    Mean surrogate loss: -0.0131
                      Mean entropy loss: 16.6536
                            Mean reward: -3.27
                    Mean episode length: 210.75
                        Mean action std: 0.97
          Episode_Reward/action_rate_l2: -0.1071
            Episode_Reward/joint_vel_l2: 0.0000
          Episode_Reward/dof_pos_limits: -0.2683
           Episode_Reward/hip_roll_open: 0.0552
             Episode_Termination/energy: 0.0000
   Curriculum/action_rate_weight/weight: -0.0100
         Episode_Reward/self_collisions: -0.0069
          Episode_Metrics/getup_success: 0.0000
     Curriculum/joint_vel_weight/weight: 0.0000
           Episode_Reward/base_yaw_rate: -0.1708
      Episode_Reward/upright_base_drift: -0.0030
           Episode_Termination/time_out: 9.0417
             Episode_Reward/orientation: 0.0536
                 Episode_Reward/posture: 0.0000
      Curriculum/yaw_rate_weight/weight: -0.0100
            Episode_Reward/torso_height: 0.1268
--------------------------------------------------------------------------------
                         Iteration time: 3.64s
                           Time elapsed: 0:00:32
                                    ETA: 2:58:40

################################################################################
[1m                           Learning iteration 9/3000                            [0m 

                               Run name: slow_nospin
                            Total steps: 983040 
                       Steps per second: 26717 
                        Collection time: 3.413s 
                          Learning time: 0.267s 
                        Mean value loss: 0.0047
                    Mean surrogate loss: -0.0115
                      Mean entropy loss: 16.5734
                            Mean reward: -3.53
                    Mean episode length: 234.43
                        Mean action std: 0.96
          Episode_Reward/action_rate_l2: -0.1183
            Episode_Reward/joint_vel_l2: 0.0000
          Episode_Reward/dof_pos_limits: -0.2977
           Episode_Reward/hip_roll_open: 0.0628
             Episode_Termination/energy: 0.0000
   Curriculum/action_rate_weight/weight: -0.0100
         Episode_Reward/self_collisions: -0.0079
          Episode_Metrics/getup_success: 0.0000
     Curriculum/joint_vel_weight/weight: 0.0000
           Episode_Reward/base_yaw_rate: -0.1863
      Episode_Reward/upright_base_drift: -0.0038
           Episode_Termination/time_out: 8.1667
             Episode_Reward/orientation: 0.0640
                 Episode_Reward/posture: 0.0000
      Curriculum/yaw_rate_weight/weight: -0.0100
            Episode_Reward/torso_height: 0.1401
--------------------------------------------------------------------------------
                         Iteration time: 3.68s
                           Time elapsed: 0:00:35
                                    ETA: 2:59:05

################################################################################
[1m                           Learning iteration 10/3000                           [0m 

                               Run name: slow_nospin
                            Total steps: 1081344 
                       Steps per second: 26406 
                        Collection time: 3.455s 
                          Learning time: 0.268s 
                        Mean value loss: 0.0046
                    Mean surrogate loss: -0.0122
                      Mean entropy loss: 16.5032
                            Mean reward: -3.61
                    Mean episode length: 258.12
                        Mean action std: 0.95
          Episode_Reward/action_rate_l2: -0.1302
            Episode_Reward/joint_vel_l2: 0.0000
          Episode_Reward/dof_pos_limits: -0.3248
           Episode_Reward/hip_roll_open: 0.0713
             Episode_Termination/energy: 0.0000
   Curriculum/action_rate_weight/weight: -0.0100
         Episode_Reward/self_collisions: -0.0091
          Episode_Metrics/getup_success: 0.0060
     Curriculum/joint_vel_weight/weight: 0.0000
           Episode_Reward/base_yaw_rate: -0.1990
      Episode_Reward/upright_base_drift: -0.0055
           Episode_Termination/time_out: 8.2500
             Episode_Reward/orientation: 0.0860
                 Episode_Reward/posture: 0.0000
      Curriculum/yaw_rate_weight/weight: -0.0100
            Episode_Reward/torso_height: 0.1534
--------------------------------------------------------------------------------
                         Iteration time: 3.72s
                           Time elapsed: 0:00:39
                                    ETA: 2:59:37

################################################################################
[1m                           Learning iteration 11/3000                           [0m 

                               Run name: slow_nospin
                            Total steps: 1179648 
                       Steps per second: 26203 
                        Collection time: 3.486s 
                          Learning time: 0.266s 
                        Mean value loss: 0.0049
                    Mean surrogate loss: -0.0122
                      Mean entropy loss: 16.4075
                            Mean reward: -3.88
                    Mean episode length: 283.97
                        Mean action std: 0.95
          Episode_Reward/action_rate_l2: -0.1420
            Episode_Reward/joint_vel_l2: 0.0000
          Episode_Reward/dof_pos_limits: -0.3543
           Episode_Reward/hip_roll_open: 0.0795
             Episode_Termination/energy: 0.0000
   Curriculum/action_rate_weight/weight: -0.0100
         Episode_Reward/self_collisions: -0.0106
          Episode_Metrics/getup_success: 0.0032
     Curriculum/joint_vel_weight/weight: 0.0000
           Episode_Reward/base_yaw_rate: -0.2169
      Episode_Reward/upright_base_drift: -0.0064
           Episode_Termination/time_out: 8.5833
             Episode_Reward/orientation: 0.0967
                 Episode_Reward/posture: 0.0000
      Curriculum/yaw_rate_weight/weight: -0.0100
            Episode_Reward/torso_height: 0.1704
--------------------------------------------------------------------------------
                         Iteration time: 3.75s
                           Time elapsed: 0:00:43
                                    ETA: 3:00:09

################################################################################
[1m                           Learning iteration 12/3000                           [0m 

                               Run name: slow_nospin
                            Total steps: 1277952 
                       Steps per second: 25858 
                        Collection time: 3.533s 
                          Learning time: 0.269s 
                        Mean value loss: 0.0048
                    Mean surrogate loss: -0.0115
                      Mean entropy loss: 16.3026
                            Mean reward: -3.99
                    Mean episode length: 305.89
                        Mean action std: 0.94
          Episode_Reward/action_rate_l2: -0.1530
            Episode_Reward/joint_vel_l2: 0.0000
          Episode_Reward/dof_pos_limits: -0.3792
           Episode_Reward/hip_roll_open: 0.0889
             Episode_Termination/energy: 0.0000
   Curriculum/action_rate_weight/weight: -0.0100
         Episode_Reward/self_collisions: -0.0118
          Episode_Metrics/getup_success: 0.0000
     Curriculum/joint_vel_weight/weight: 0.0000
           Episode_Reward/base_yaw_rate: -0.2267
      Episode_Reward/upright_base_drift: -0.0082
           Episode_Termination/time_out: 8.0000
             Episode_Reward/orientation: 0.1177
                 Episode_Reward/posture: 0.0000
      Curriculum/yaw_rate_weight/weight: -0.0100
            Episode_Reward/torso_height: 0.1802
--------------------------------------------------------------------------------
                         Iteration time: 3.80s
                           Time elapsed: 0:00:47
                                    ETA: 3:00:48

################################################################################
[1m                           Learning iteration 13/3000                           [0m 

                               Run name: slow_nospin
                            Total steps: 1376256 
                       Steps per second: 25602 
                        Collection time: 3.573s 
                          Learning time: 0.266s 
                        Mean value loss: 0.0049
                    Mean surrogate loss: -0.0110
                      Mean entropy loss: 16.2058
                            Mean reward: -3.96
                    Mean episode length: 330.87
                        Mean action std: 0.93
          Episode_Reward/action_rate_l2: -0.1642
            Episode_Reward/joint_vel_l2: 0.0000
          Episode_Reward/dof_pos_limits: -0.4030
           Episode_Reward/hip_roll_open: 0.0981
             Episode_Termination/energy: 0.0000
   Curriculum/action_rate_weight/weight: -0.0100
         Episode_Reward/self_collisions: -0.0131
          Episode_Metrics/getup_success: 0.0000
     Curriculum/joint_vel_weight/weight: 0.0000
           Episode_Reward/base_yaw_rate: -0.2375
      Episode_Reward/upright_base_drift: -0.0093
           Episode_Termination/time_out: 8.5417
             Episode_Reward/orientation: 0.1418
                 Episode_Reward/posture: 0.0000
      Curriculum/yaw_rate_weight/weight: -0.0100
            Episode_Reward/torso_height: 0.1917
--------------------------------------------------------------------------------
                         Iteration time: 3.84s
                           Time elapsed: 0:00:51
                                    ETA: 3:01:29

################################################################################
[1m                           Learning iteration 14/3000                           [0m 

                               Run name: slow_nospin
                            Total steps: 1474560 
                       Steps per second: 25476 
                        Collection time: 3.592s 
                          Learning time: 0.266s 
                        Mean value loss: 0.0051
                    Mean surrogate loss: -0.0078
                      Mean entropy loss: 16.1103
                            Mean reward: -4.13
                    Mean episode length: 353.86
                        Mean action std: 0.92
          Episode_Reward/action_rate_l2: -0.1761
            Episode_Reward/joint_vel_l2: 0.0000
          Episode_Reward/dof_pos_limits: -0.4262
           Episode_Reward/hip_roll_open: 0.1087
             Episode_Termination/energy: 0.0000
   Curriculum/action_rate_weight/weight: -0.0100
         Episode_Reward/self_collisions: -0.0150
          Episode_Metrics/getup_success: 0.0000
     Curriculum/joint_vel_weight/weight: 0.0000
           Episode_Reward/base_yaw_rate: -0.2504
      Episode_Reward/upright_base_drift: -0.0117
           Episode_Termination/time_out: 8.9583
             Episode_Reward/orientation: 0.1615
                 Episode_Reward/posture: 0.0000
      Curriculum/yaw_rate_weight/weight: -0.0100
            Episode_Reward/torso_height: 0.2039
--------------------------------------------------------------------------------
                         Iteration time: 3.86s
                           Time elapsed: 0:00:54
                                    ETA: 3:02:07

################################################################################
[1m                           Learning iteration 15/3000                           [0m 

                               Run name: slow_nospin
                            Total steps: 1572864 
                       Steps per second: 25231 
                        Collection time: 3.630s 
                          Learning time: 0.267s 
                        Mean value loss: 0.0056
                    Mean surrogate loss: -0.0094
                      Mean entropy loss: 16.0200
                            Mean reward: -4.14
                    Mean episode length: 378.44
                        Mean action std: 0.92
          Episode_Reward/action_rate_l2: -0.1868
            Episode_Reward/joint_vel_l2: 0.0000
          Episode_Reward/dof_pos_limits: -0.4551
           Episode_Reward/hip_roll_open: 0.1179
             Episode_Termination/energy: 0.0000
   Curriculum/action_rate_weight/weight: -0.0100
         Episode_Reward/self_collisions: -0.0158
          Episode_Metrics/getup_success: 0.0000
     Curriculum/joint_vel_weight/weight: 0.0000
           Episode_Reward/base_yaw_rate: -0.2636
      Episode_Reward/upright_base_drift: -0.0147
           Episode_Termination/time_out: 8.4583
             Episode_Reward/orientation: 0.1872
                 Episode_Reward/posture: 0.0000
      Curriculum/yaw_rate_weight/weight: -0.0100
            Episode_Reward/torso_height: 0.2161
--------------------------------------------------------------------------------
                         Iteration time: 3.90s
                           Time elapsed: 0:00:58
                                    ETA: 3:02:47

################################################################################
[1m                           Learning iteration 16/3000                           [0m 

                               Run name: slow_nospin
                            Total steps: 1671168 
                       Steps per second: 25445 
                        Collection time: 3.597s 
                          Learning time: 0.266s 
                        Mean value loss: 0.0059
                    Mean surrogate loss: -0.0102
                      Mean entropy loss: 15.9257
                            Mean reward: -4.25
                    Mean episode length: 401.29
                        Mean action std: 0.91
          Episode_Reward/action_rate_l2: -0.1976
            Episode_Reward/joint_vel_l2: 0.0000
          Episode_Reward/dof_pos_limits: -0.4784
           Episode_Reward/hip_roll_open: 0.1291
             Episode_Termination/energy: 0.0000
   Curriculum/action_rate_weight/weight: -0.0100
         Episode_Reward/self_collisions: -0.0171
          Episode_Metrics/getup_success: 0.0000
     Curriculum/joint_vel_weight/weight: 0.0000
           Episode_Reward/base_yaw_rate: -0.2714
      Episode_Reward/upright_base_drift: -0.0166
           Episode_Termination/time_out: 7.8333
             Episode_Reward/orientation: 0.2026
                 Episode_Reward/posture: 0.0000
      Curriculum/yaw_rate_weight/weight: -0.0100
            Episode_Reward/torso_height: 0.2301
--------------------------------------------------------------------------------
                         Iteration time: 3.86s
                           Time elapsed: 0:01:02
                                    ETA: 3:03:17

################################################################################
[1m                           Learning iteration 17/3000                           [0m 

                               Run name: slow_nospin
                            Total steps: 1769472 
                       Steps per second: 25345 
                        Collection time: 3.611s 
                          Learning time: 0.267s 
                        Mean value loss: 0.0058
                    Mean surrogate loss: -0.0070
                      Mean entropy loss: 15.8353
                            Mean reward: -4.13
                    Mean episode length: 427.45
                        Mean action std: 0.90
          Episode_Reward/action_rate_l2: -0.2082
            Episode_Reward/joint_vel_l2: 0.0000
          Episode_Reward/dof_pos_limits: -0.5013
           Episode_Reward/hip_roll_open: 0.1388
             Episode_Termination/energy: 0.0000
   Curriculum/action_rate_weight/weight: -0.0100
         Episode_Reward/self_collisions: -0.0190
          Episode_Metrics/getup_success: 0.0000
     Curriculum/joint_vel_weight/weight: 0.0000
           Episode_Reward/base_yaw_rate: -0.2756
      Episode_Reward/upright_base_drift: -0.0175
           Episode_Termination/time_out: 8.7083
             Episode_Reward/orientation: 0.2252
                 Episode_Reward/posture: 0.0000
      Curriculum/yaw_rate_weight/weight: -0.0100
            Episode_Reward/torso_height: 0.2442
--------------------------------------------------------------------------------
                         Iteration time: 3.88s
                           Time elapsed: 0:01:06
                                    ETA: 3:03:45

################################################################################
[1m                           Learning iteration 18/3000                           [0m 

                               Run name: slow_nospin
                            Total steps: 1867776 
                       Steps per second: 25235 
                        Collection time: 3.626s 
                          Learning time: 0.269s 
                        Mean value loss: 0.0063
                    Mean surrogate loss: -0.0100
                      Mean entropy loss: 15.7368
                            Mean reward: -4.18
                    Mean episode length: 450.11
                        Mean action std: 0.89
          Episode_Reward/action_rate_l2: -0.2181
            Episode_Reward/joint_vel_l2: 0.0000
          Episode_Reward/dof_pos_limits: -0.5250
           Episode_Reward/hip_roll_open: 0.1494
             Episode_Termination/energy: 0.0000
   Curriculum/action_rate_weight/weight: -0.0100
         Episode_Reward/self_collisions: -0.0199
          Episode_Metrics/getup_success: 0.0000
     Curriculum/joint_vel_weight/weight: 0.0000
           Episode_Reward/base_yaw_rate: -0.2939
      Episode_Reward/upright_base_drift: -0.0207
           Episode_Termination/time_out: 7.3333
             Episode_Reward/orientation: 0.2496
                 Episode_Reward/posture: 0.0000
      Curriculum/yaw_rate_weight/weight: -0.0100
            Episode_Reward/torso_height: 0.2587
--------------------------------------------------------------------------------
                         Iteration time: 3.90s
                           Time elapsed: 0:01:10
                                    ETA: 3:04:12

################################################################################
[1m                           Learning iteration 19/3000                           [0m 

                               Run name: slow_nospin
                            Total steps: 1966080 
                       Steps per second: 25247 
                        Collection time: 3.627s 
                          Learning time: 0.266s 
                        Mean value loss: 0.0065
                    Mean surrogate loss: -0.0090
                      Mean entropy loss: 15.6351
                            Mean reward: -4.21
                    Mean episode length: 474.16
                        Mean action std: 0.89
          Episode_Reward/action_rate_l2: -0.2288
            Episode_Reward/joint_vel_l2: 0.0000
          Episode_Reward/dof_pos_limits: -0.5489
           Episode_Reward/hip_roll_open: 0.1609
             Episode_Termination/energy: 0.0000
   Curriculum/action_rate_weight/weight: -0.0100
         Episode_Reward/self_collisions: -0.0220
          Episode_Metrics/getup_success: 0.0000
     Curriculum/joint_vel_weight/weight: 0.0000
           Episode_Reward/base_yaw_rate: -0.2977
      Episode_Reward/upright_base_drift: -0.0227
           Episode_Termination/time_out: 8.0000
             Episode_Reward/orientation: 0.2767
                 Episode_Reward/posture: 0.0000
      Curriculum/yaw_rate_weight/weight: -0.0100
            Episode_Reward/torso_height: 0.2650
--------------------------------------------------------------------------------
                         Iteration time: 3.89s
                           Time elapsed: 0:01:14
                                    ETA: 3:04:36

################################################################################
[1m                           Learning iteration 20/3000                           [0m 

                               Run name: slow_nospin
                            Total steps: 2064384 
                       Steps per second: 25255 
                        Collection time: 3.623s 
                          Learning time: 0.269s 
                        Mean value loss: 0.0066
                    Mean surrogate loss: -0.0088
                      Mean entropy loss: 15.5372
                            Mean reward: -3.87
                    Mean episode length: 497.73
                        Mean action std: 0.88
          Episode_Reward/action_rate_l2: -0.2376
            Episode_Reward/joint_vel_l2: 0.0000
          Episode_Reward/dof_pos_limits: -0.5642
           Episode_Reward/hip_roll_open: 0.1722
             Episode_Termination/energy: 0.0000
   Curriculum/action_rate_weight/weight: -0.0100
         Episode_Reward/self_collisions: -0.0230
          Episode_Metrics/getup_success: 0.0000
     Curriculum/joint_vel_weight/weight: 0.0000
           Episode_Reward/base_yaw_rate: -0.2985
      Episode_Reward/upright_base_drift: -0.0260
           Episode_Termination/time_out: 8.3750
             Episode_Reward/orientation: 0.3060
                 Episode_Reward/posture: 0.0000
      Curriculum/yaw_rate_weight/weight: -0.0100
            Episode_Reward/torso_height: 0.2746
--------------------------------------------------------------------------------
                         Iteration time: 3.89s
                           Time elapsed: 0:01:18
                                    ETA: 3:04:57

################################################################################
[1m                           Learning iteration 21/3000                           [0m 

                               Run name: slow_nospin
                            Total steps: 2162688 
                       Steps per second: 25266 
                        Collection time: 3.622s 
                          Learning time: 0.269s 
                        Mean value loss: 0.0061
                    Mean surrogate loss: -0.0082
                      Mean entropy loss: 15.4423
                            Mean reward: -3.31
                    Mean episode length: 500.00
                        Mean action std: 0.87
          Episode_Reward/action_rate_l2: -0.2393
            Episode_Reward/joint_vel_l2: 0.0000
          Episode_Reward/dof_pos_limits: -0.5526
           Episode_Reward/hip_roll_open: 0.1798
             Episode_Termination/energy: 0.0000
   Curriculum/action_rate_weight/weight: -0.0100
         Episode_Reward/self_collisions: -0.0232
          Episode_Metrics/getup_success: 0.0000
     Curriculum/joint_vel_weight/weight: 0.0000
           Episode_Reward/base_yaw_rate: -0.2926
      Episode_Reward/upright_base_drift: -0.0260
           Episode_Termination/time_out: 9.0833
             Episode_Reward/orientation: 0.3194
                 Episode_Reward/posture: 0.0000
      Curriculum/yaw_rate_weight/weight: -0.0100
            Episode_Reward/torso_height: 0.2754
--------------------------------------------------------------------------------
                         Iteration time: 3.89s
                           Time elapsed: 0:01:22
                                    ETA: 3:05:16

################################################################################
[1m                           Learning iteration 22/3000                           [0m 

                               Run name: slow_nospin
                            Total steps: 2260992 
                       Steps per second: 25312 
                        Collection time: 3.617s 
                          Learning time: 0.266s 
                        Mean value loss: 0.0061
                    Mean surrogate loss: -0.0091
                      Mean entropy loss: 15.3497
                            Mean reward: -2.96
                    Mean episode length: 500.00
                        Mean action std: 0.87
          Episode_Reward/action_rate_l2: -0.2373
            Episode_Reward/joint_vel_l2: 0.0000
          Episode_Reward/dof_pos_limits: -0.5376
           Episode_Reward/hip_roll_open: 0.1861
             Episode_Termination/energy: 0.0000
   Curriculum/action_rate_weight/weight: -0.0100
         Episode_Reward/self_collisions: -0.0240
          Episode_Metrics/getup_success: 0.0000
     Curriculum/joint_vel_weight/weight: 0.0000
           Episode_Reward/base_yaw_rate: -0.2783
      Episode_Reward/upright_base_drift: -0.0284
           Episode_Termination/time_out: 7.8750
             Episode_Reward/orientation: 0.3360
                 Episode_Reward/posture: 0.0000
      Curriculum/yaw_rate_weight/weight: -0.0100
            Episode_Reward/torso_height: 0.2751
--------------------------------------------------------------------------------
                         Iteration time: 3.88s
                           Time elapsed: 0:01:26
                                    ETA: 3:05:32

################################################################################
[1m                           Learning iteration 23/3000                           [0m 

                               Run name: slow_nospin
                            Total steps: 2359296 
                       Steps per second: 25356 
                        Collection time: 3.611s 
                          Learning time: 0.266s 
                        Mean value loss: 0.0064
                    Mean surrogate loss: -0.0068
                      Mean entropy loss: 15.2416
                            Mean reward: -2.29
                    Mean episode length: 500.00
                        Mean action std: 0.86
          Episode_Reward/action_rate_l2: -0.2338
            Episode_Reward/joint_vel_l2: 0.0000
          Episode_Reward/dof_pos_limits: -0.5276
           Episode_Reward/hip_roll_open: 0.1926
             Episode_Termination/energy: 0.0000
   Curriculum/action_rate_weight/weight: -0.0100
         Episode_Reward/self_collisions: -0.0231
          Episode_Metrics/getup_success: 0.0000
     Curriculum/joint_vel_weight/weight: 0.0000
           Episode_Reward/base_yaw_rate: -0.2652
      Episode_Reward/upright_base_drift: -0.0319
           Episode_Termination/time_out: 7.9583
             Episode_Reward/orientation: 0.3651
                 Episode_Reward/posture: 0.0000
      Curriculum/yaw_rate_weight/weight: -0.0100
            Episode_Reward/torso_height: 0.2673
--------------------------------------------------------------------------------
                         Iteration time: 3.88s
                           Time elapsed: 0:01:29
                                    ETA: 3:05:45
